------------------------------------------------------------
Timing Analyzer Summary
------------------------------------------------------------

Type  : Slow 1100mV 85C Model Setup 'clk'
Slack : 0.000
TNS   : 0.000

Type  : Slow 1100mV 85C Model Hold 'clk'
Slack : 0.316
TNS   : 0.000

Type  : Slow 1100mV 85C Model Minimum Pulse Width 'clk'
Slack : -0.394
TNS   : -1.048

Type  : Slow 1100mV 0C Model Setup 'clk'
Slack : -0.031
TNS   : -0.031

Type  : Slow 1100mV 0C Model Hold 'clk'
Slack : 0.297
TNS   : 0.000

Type  : Slow 1100mV 0C Model Minimum Pulse Width 'clk'
Slack : -0.394
TNS   : -1.139

Type  : Fast 1100mV 85C Model Setup 'clk'
Slack : 0.418
TNS   : 0.000

Type  : Fast 1100mV 85C Model Hold 'clk'
Slack : 0.184
TNS   : 0.000

Type  : Fast 1100mV 85C Model Minimum Pulse Width 'clk'
Slack : -0.077
TNS   : -0.152

Type  : Fast 1100mV 0C Model Setup 'clk'
Slack : 0.436
TNS   : 0.000

Type  : Fast 1100mV 0C Model Hold 'clk'
Slack : 0.168
TNS   : 0.000

Type  : Fast 1100mV 0C Model Minimum Pulse Width 'clk'
Slack : -0.078
TNS   : -0.154

------------------------------------------------------------
