------------------------------------------------------------
Timing Analyzer Summary
------------------------------------------------------------

Type  : Slow 1100mV 85C Model Setup 'clk'
Slack : -6.197
TNS   : -172.070

Type  : Slow 1100mV 85C Model Setup 'State_machine:state_changer|current_state[0]'
Slack : -5.965
TNS   : -23.422

Type  : Slow 1100mV 85C Model Hold 'clk'
Slack : -2.702
TNS   : -5.051

Type  : Slow 1100mV 85C Model Hold 'State_machine:state_changer|current_state[0]'
Slack : 1.138
TNS   : 0.000

Type  : Slow 1100mV 85C Model Recovery 'State_machine:state_changer|current_state[0]'
Slack : -5.145
TNS   : -10.199

Type  : Slow 1100mV 85C Model Removal 'State_machine:state_changer|current_state[0]'
Slack : 1.026
TNS   : 0.000

Type  : Slow 1100mV 85C Model Minimum Pulse Width 'clk'
Slack : -0.394
TNS   : -41.736

Type  : Slow 1100mV 85C Model Minimum Pulse Width 'State_machine:state_changer|current_state[0]'
Slack : 0.400
TNS   : 0.000

Type  : Slow 1100mV 0C Model Setup 'State_machine:state_changer|current_state[0]'
Slack : -6.018
TNS   : -23.718

Type  : Slow 1100mV 0C Model Setup 'clk'
Slack : -5.887
TNS   : -165.661

Type  : Slow 1100mV 0C Model Hold 'clk'
Slack : -2.812
TNS   : -5.236

Type  : Slow 1100mV 0C Model Hold 'State_machine:state_changer|current_state[0]'
Slack : 1.049
TNS   : 0.000

Type  : Slow 1100mV 0C Model Recovery 'State_machine:state_changer|current_state[0]'
Slack : -5.263
TNS   : -10.356

Type  : Slow 1100mV 0C Model Removal 'State_machine:state_changer|current_state[0]'
Slack : 0.913
TNS   : 0.000

Type  : Slow 1100mV 0C Model Minimum Pulse Width 'clk'
Slack : -0.394
TNS   : -44.648

Type  : Slow 1100mV 0C Model Minimum Pulse Width 'State_machine:state_changer|current_state[0]'
Slack : 0.346
TNS   : 0.000

Type  : Fast 1100mV 85C Model Setup 'clk'
Slack : -3.950
TNS   : -90.634

Type  : Fast 1100mV 85C Model Setup 'State_machine:state_changer|current_state[0]'
Slack : -3.231
TNS   : -12.453

Type  : Fast 1100mV 85C Model Hold 'clk'
Slack : -1.310
TNS   : -2.449

Type  : Fast 1100mV 85C Model Hold 'State_machine:state_changer|current_state[0]'
Slack : 0.814
TNS   : 0.000

Type  : Fast 1100mV 85C Model Recovery 'State_machine:state_changer|current_state[0]'
Slack : -2.584
TNS   : -5.160

Type  : Fast 1100mV 85C Model Removal 'State_machine:state_changer|current_state[0]'
Slack : 0.786
TNS   : 0.000

Type  : Fast 1100mV 85C Model Minimum Pulse Width 'clk'
Slack : -0.093
TNS   : -6.980

Type  : Fast 1100mV 85C Model Minimum Pulse Width 'State_machine:state_changer|current_state[0]'
Slack : 0.457
TNS   : 0.000

Type  : Fast 1100mV 0C Model Setup 'clk'
Slack : -3.358
TNS   : -75.699

Type  : Fast 1100mV 0C Model Setup 'State_machine:state_changer|current_state[0]'
Slack : -3.024
TNS   : -11.765

Type  : Fast 1100mV 0C Model Hold 'clk'
Slack : -1.307
TNS   : -2.443

Type  : Fast 1100mV 0C Model Hold 'State_machine:state_changer|current_state[0]'
Slack : 0.706
TNS   : 0.000

Type  : Fast 1100mV 0C Model Recovery 'State_machine:state_changer|current_state[0]'
Slack : -2.487
TNS   : -4.941

Type  : Fast 1100mV 0C Model Removal 'State_machine:state_changer|current_state[0]'
Slack : 0.686
TNS   : 0.000

Type  : Fast 1100mV 0C Model Minimum Pulse Width 'clk'
Slack : -0.089
TNS   : -6.829

Type  : Fast 1100mV 0C Model Minimum Pulse Width 'State_machine:state_changer|current_state[0]'
Slack : 0.464
TNS   : 0.000

------------------------------------------------------------
