------------------------------------------------------------
Timing Analyzer Summary
------------------------------------------------------------

Type  : Slow 1100mV 85C Model Setup 'clk'
Slack : -24.998
TNS   : -330.546

Type  : Slow 1100mV 85C Model Hold 'clk'
Slack : 0.299
TNS   : 0.000

Type  : Slow 1100mV 85C Model Minimum Pulse Width 'clk'
Slack : -2.225
TNS   : -78.238

Type  : Slow 1100mV 0C Model Setup 'clk'
Slack : -26.078
TNS   : -332.431

Type  : Slow 1100mV 0C Model Hold 'clk'
Slack : 0.196
TNS   : 0.000

Type  : Slow 1100mV 0C Model Minimum Pulse Width 'clk'
Slack : -2.225
TNS   : -83.442

Type  : Fast 1100mV 85C Model Setup 'clk'
Slack : -12.633
TNS   : -156.138

Type  : Fast 1100mV 85C Model Hold 'clk'
Slack : 0.181
TNS   : 0.000

Type  : Fast 1100mV 85C Model Minimum Pulse Width 'clk'
Slack : -1.702
TNS   : -23.460

Type  : Fast 1100mV 0C Model Setup 'clk'
Slack : -12.075
TNS   : -138.284

Type  : Fast 1100mV 0C Model Hold 'clk'
Slack : 0.121
TNS   : 0.000

Type  : Fast 1100mV 0C Model Minimum Pulse Width 'clk'
Slack : -1.702
TNS   : -23.342

------------------------------------------------------------
